---
BabySqueel::ActiveRecord::Base#sifter allows the use of the sifter 1: SELECT "posts".*
  FROM "posts" WHERE "posts"."id" = 5
BabySqueel::ActiveRecord::Base#sifter allows the use of a sifter on an association 1: SELECT
  "posts".* FROM "posts" INNER JOIN "authors" ON "authors"."id" = "posts"."author_id"
  WHERE "authors"."name" LIKE 'boogies%'
BabySqueel::ActiveRecord::Base#sifter yield the root table to the block when arity is given 1: SELECT
  "posts".* FROM "posts" INNER JOIN "comments" ON "comments"."post_id" = "posts"."id"
  INNER JOIN "authors" ON "authors"."id" = "posts"."author_id" INNER JOIN "comments"
  "author_comments_posts" ON "author_comments_posts"."author_id" = "authors"."id"
  WHERE "author_comments_posts"."id" > 1
