---
BabySqueel::Association#== generates SQL 1: '"posts"."author_id" = ?'
BabySqueel::Association#!= generates SQL 1: '"posts"."author_id" != ?'
